Graph has 1024 nodes and 16125 undirected edges for degree: 15
